[    0.000000] Linux version 4.15.0-66-generic (buildd@lgw01-amd64-044) (gcc version 7.4.0 (Ubuntu 7.4.0-1ubuntu1~18.04.1)) #75-Ubuntu SMP Tue Oct 1 05:24:09 UTC 2019 (Ubuntu 4.15.0-66.75-generic 4.15.18)
[    0.000000] Command line: BOOT_IMAGE=/boot/vmlinuz-4.15.0-66-generic root=LABEL=cloudimg-rootfs ro console=tty1 console=ttyS0
[    0.000000] KERNEL supported cpus:
[    0.000000]   Intel GenuineIntel
[    0.000000]   AMD AuthenticAMD
[    0.000000]   Centaur CentaurHauls
[    0.000000] x86/fpu: Supporting XSAVE feature 0x001: 'x87 floating point registers'
[    0.000000] x86/fpu: Supporting XSAVE feature 0x002: 'SSE registers'
[    0.000000] x86/fpu: Supporting XSAVE feature 0x004: 'AVX registers'
[    0.000000] x86/fpu: xstate_offset[2]:  576, xstate_sizes[2]:  256
[    0.000000] x86/fpu: Enabled xstate features 0x7, context size is 832 bytes, using 'standard' format.
[    0.000000] e820: BIOS-provided physical RAM map:
[    0.000000] BIOS-e820: [mem 0x0000000000000000-0x000000000009fbff] usable
[    0.000000] BIOS-e820: [mem 0x000000000009fc00-0x000000000009ffff] reserved
[    0.000000] BIOS-e820: [mem 0x00000000000f0000-0x00000000000fffff] reserved
[    0.000000] BIOS-e820: [mem 0x0000000000100000-0x00000000dffeffff] usable
[    0.000000] BIOS-e820: [mem 0x00000000dfff0000-0x00000000dfffffff] ACPI data
[    0.000000] BIOS-e820: [mem 0x00000000fec00000-0x00000000fec00fff] reserved
[    0.000000] BIOS-e820: [mem 0x00000000fee00000-0x00000000fee00fff] reserved
[    0.000000] BIOS-e820: [mem 0x00000000fffc0000-0x00000000ffffffff] reserved
[    0.000000] BIOS-e820: [mem 0x0000000100000000-0x0000000119ffffff] usable
[    0.000000] NX (Execute Disable) protection: active
[    0.000000] SMBIOS 2.5 present.
[    0.000000] DMI: innotek GmbH VirtualBox/VirtualBox, BIOS VirtualBox 12/01/2006
[    0.000000] Hypervisor detected: KVM
[    0.000000] e820: last_pfn = 0x11a000 max_arch_pfn = 0x400000000
[    0.000000] MTRR: Disabled
[    0.000000] x86/PAT: MTRRs disabled, skipping PAT initialization too.
[    0.000000] CPU MTRRs all blank - virtualized system.
[    0.000000] x86/PAT: Configuration [0-7]: WB  WT  UC- UC  WB  WT  UC- UC  
[    0.000000] e820: last_pfn = 0xdfff0 max_arch_pfn = 0x400000000
[    0.000000] found SMP MP-table at [mem 0x0009fff0-0x0009ffff]
[    0.000000] Scanning 1 areas for low memory corruption
[    0.000000] RAMDISK: [mem 0x35a89000-0x36d3bfff]
[    0.000000] ACPI: Early table checksum verification disabled
[    0.000000] ACPI: RSDP 0x00000000000E0000 000024 (v02 VBOX  )
[    0.000000] ACPI: XSDT 0x00000000DFFF0030 00003C (v01 VBOX   VBOXXSDT 00000001 ASL  00000061)
[    0.000000] ACPI: FACP 0x00000000DFFF00F0 0000F4 (v04 VBOX   VBOXFACP 00000001 ASL  00000061)
[    0.000000] ACPI: DSDT 0x00000000DFFF0470 0022EA (v02 VBOX   VBOXBIOS 00000002 INTL 20180105)
[    0.000000] ACPI: FACS 0x00000000DFFF0200 000040
[    0.000000] ACPI: FACS 0x00000000DFFF0200 000040
[    0.000000] ACPI: APIC 0x00000000DFFF0240 00005C (v02 VBOX   VBOXAPIC 00000001 ASL  00000061)
[    0.000000] ACPI: SSDT 0x00000000DFFF02A0 0001CC (v01 VBOX   VBOXCPUT 00000002 INTL 20180105)
[    0.000000] No NUMA configuration found
[    0.000000] Faking a node at [mem 0x0000000000000000-0x0000000119ffffff]
[    0.000000] NODE_DATA(0) allocated [mem 0x119fd3000-0x119ffdfff]
[    0.000000] kvm-clock: cpu 0, msr 1:19f52001, primary cpu clock
[    0.000000] kvm-clock: Using msrs 4b564d01 and 4b564d00
[    0.000000] kvm-clock: using sched offset of 3117340078 cycles
[    0.000000] clocksource: kvm-clock: mask: 0xffffffffffffffff max_cycles: 0x1cd42e4dffb, max_idle_ns: 881590591483 ns
[    0.000000] Zone ranges:
[    0.000000]   DMA      [mem 0x0000000000001000-0x0000000000ffffff]
[    0.000000]   DMA32    [mem 0x0000000001000000-0x00000000ffffffff]
[    0.000000]   Normal   [mem 0x0000000100000000-0x0000000119ffffff]
[    0.000000]   Device   empty
[    0.000000] Movable zone start for each node
[    0.000000] Early memory node ranges
[    0.000000]   node   0: [mem 0x0000000000001000-0x000000000009efff]
[    0.000000]   node   0: [mem 0x0000000000100000-0x00000000dffeffff]
[    0.000000]   node   0: [mem 0x0000000100000000-0x0000000119ffffff]
[    0.000000] Reserved but unavailable: 98 pages
[    0.000000] Initmem setup node 0 [mem 0x0000000000001000-0x0000000119ffffff]
[    0.000000] ACPI: PM-Timer IO Port: 0x4008
[    0.000000] IOAPIC[0]: apic_id 2, version 32, address 0xfec00000, GSI 0-23
[    0.000000] ACPI: INT_SRC_OVR (bus 0 bus_irq 0 global_irq 2 dfl dfl)
[    0.000000] ACPI: INT_SRC_OVR (bus 0 bus_irq 9 global_irq 9 low level)
[    0.000000] Using ACPI (MADT) for SMP configuration information
[    0.000000] smpboot: Allowing 2 CPUs, 0 hotplug CPUs
[    0.000000] PM: Registered nosave memory: [mem 0x00000000-0x00000fff]
[    0.000000] PM: Registered nosave memory: [mem 0x0009f000-0x0009ffff]
[    0.000000] PM: Registered nosave memory: [mem 0x000a0000-0x000effff]
[    0.000000] PM: Registered nosave memory: [mem 0x000f0000-0x000fffff]
[    0.000000] PM: Registered nosave memory: [mem 0xdfff0000-0xdfffffff]
[    0.000000] PM: Registered nosave memory: [mem 0xe0000000-0xfebfffff]
[    0.000000] PM: Registered nosave memory: [mem 0xfec00000-0xfec00fff]
[    0.000000] PM: Registered nosave memory: [mem 0xfec01000-0xfedfffff]
[    0.000000] PM: Registered nosave memory: [mem 0xfee00000-0xfee00fff]
[    0.000000] PM: Registered nosave memory: [mem 0xfee01000-0xfffbffff]
[    0.000000] PM: Registered nosave memory: [mem 0xfffc0000-0xffffffff]
[    0.000000] e820: [mem 0xe0000000-0xfebfffff] available for PCI devices
[    0.000000] Booting paravirtualized kernel on KVM
[    0.000000] clocksource: refined-jiffies: mask: 0xffffffff max_cycles: 0xffffffff, max_idle_ns: 7645519600211568 ns
[    0.000000] random: get_random_bytes called from start_kernel+0x99/0x4fd with crng_init=0
[    0.000000] setup_percpu: NR_CPUS:8192 nr_cpumask_bits:2 nr_cpu_ids:2 nr_node_ids:1
[    0.000000] percpu: Embedded 46 pages/cpu s151552 r8192 d28672 u1048576
[    0.000000] PV qspinlock hash table entries: 256 (order: 0, 4096 bytes)
[    0.000000] Built 1 zonelists, mobility grouping on.  Total pages: 1007865
[    0.000000] Policy zone: Normal
[    0.000000] Kernel command line: BOOT_IMAGE=/boot/vmlinuz-4.15.0-66-generic root=LABEL=cloudimg-rootfs ro console=tty1 console=ttyS0
[    0.000000] Memory: 3915744K/4095544K available (12300K kernel code, 2481K rwdata, 4260K rodata, 2436K init, 2388K bss, 179800K reserved, 0K cma-reserved)
[    0.000000] SLUB: HWalign=64, Order=0-3, MinObjects=0, CPUs=2, Nodes=1
[    0.000000] Kernel/User page tables isolation: enabled
[    0.000000] ftrace: allocating 39306 entries in 154 pages
[    0.004000] Hierarchical RCU implementation.
[    0.004000] 	RCU restricting CPUs from NR_CPUS=8192 to nr_cpu_ids=2.
[    0.004000] 	Tasks RCU enabled.
[    0.004000] RCU: Adjusting geometry for rcu_fanout_leaf=16, nr_cpu_ids=2
[    0.004000] NR_IRQS: 524544, nr_irqs: 440, preallocated irqs: 16
[    0.004000] Console: colour VGA+ 80x25
[    0.004000] console [tty1] enabled
[    0.004000] console [ttyS0] enabled
[    0.004000] ACPI: Core revision 20170831
[    0.004000] ACPI: 2 ACPI AML tables successfully acquired and loaded
[    0.004000] APIC: Switch to symmetric I/O mode setup
[    0.004000] x2apic enabled
[    0.004000] Switched APIC routing to physical x2apic.
[    0.004000] ..TIMER: vector=0x30 apic1=0 pin1=2 apic2=-1 pin2=-1
[    0.004000] tsc: Detected 1991.999 MHz processor
[    0.004000] Calibrating delay loop (skipped) preset value.. 3983.99 BogoMIPS (lpj=7967996)
[    0.004004] pid_max: default: 32768 minimum: 301
[    0.004625] Security Framework initialized
[    0.005121] Yama: becoming mindful.
[    0.005538] AppArmor: AppArmor initialized
[    0.006975] Dentry cache hash table entries: 524288 (order: 10, 4194304 bytes)
[    0.008473] Inode-cache hash table entries: 262144 (order: 9, 2097152 bytes)
[    0.009317] Mount-cache hash table entries: 8192 (order: 4, 65536 bytes)
[    0.010023] Mountpoint-cache hash table entries: 8192 (order: 4, 65536 bytes)
[    0.010992] Last level iTLB entries: 4KB 64, 2MB 8, 4MB 8
[    0.011575] Last level dTLB entries: 4KB 64, 2MB 0, 4MB 0, 1GB 4
[    0.012002] Spectre V1 : Mitigation: usercopy/swapgs barriers and __user pointer sanitization
[    0.012968] Spectre V2 : Mitigation: Full generic retpoline
[    0.013562] Spectre V2 : Spectre v2 / SpectreRSB mitigation: Filling RSB on context switch
[    0.014442] Speculative Store Bypass: Vulnerable
[    0.015019] MDS: Mitigation: Clear CPU buffers
[    0.015654] Freeing SMP alternatives memory: 36K
[    0.126878] smpboot: CPU0: Intel(R) Core(TM) i7-8550U CPU @ 1.80GHz (family: 0x6, model: 0x8e, stepping: 0xa)
[    0.128000] Performance Events: unsupported p6 CPU model 142 no PMU driver, software events only.
[    0.128000] Hierarchical SRCU implementation.
[    0.128000] NMI watchdog: Perf event create on CPU 0 failed with -2
[    0.128000] NMI watchdog: Perf NMI watchdog permanently disabled
[    0.128035] smp: Bringing up secondary CPUs ...
[    0.128982] x86: Booting SMP configuration:
[    0.129453] .... node  #0, CPUs:      #1
[    0.004000] kvm-clock: cpu 1, msr 1:19f52041, secondary cpu clock
[    0.132018] smp: Brought up 1 node, 2 CPUs
[    0.132485] smpboot: Max logical packages: 1
[    0.133014] smpboot: Total of 2 processors activated (7967.99 BogoMIPS)
[    0.133894] devtmpfs: initialized
[    0.133894] x86/mm: Memory block size: 128MB
[    0.136245] evm: security.selinux
[    0.136630] evm: security.SMACK64
[    0.137057] evm: security.SMACK64EXEC
[    0.137471] evm: security.SMACK64TRANSMUTE
[    0.137974] evm: security.SMACK64MMAP
[    0.138388] evm: security.apparmor
[    0.138778] evm: security.ima
[    0.139127] evm: security.capability
[    0.139558] clocksource: jiffies: mask: 0xffffffff max_cycles: 0xffffffff, max_idle_ns: 7645041785100000 ns
[    0.140009] futex hash table entries: 512 (order: 3, 32768 bytes)
[    0.140714] pinctrl core: initialized pinctrl subsystem
[    0.141397] RTC time:  0:40:41, date: 01/09/20
[    0.142060] NET: Registered protocol family 16
[    0.142620] audit: initializing netlink subsys (disabled)
[    0.144018] audit: type=2000 audit(1578530445.603:1): state=initialized audit_enabled=0 res=1
[    0.144088] cpuidle: using governor ladder
[    0.144523] cpuidle: using governor menu
[    0.145056] ACPI: bus type PCI registered
[    0.145521] acpiphp: ACPI Hot Plug PCI Controller Driver version: 0.5
[    0.146261] PCI: Using configuration type 1 for base access
[    0.148788] HugeTLB registered 2.00 MiB page size, pre-allocated 0 pages
[    0.148863] ACPI: Added _OSI(Module Device)
[    0.148863] ACPI: Added _OSI(Processor Device)
[    0.149104] ACPI: Added _OSI(3.0 _SCP Extensions)
[    0.152003] ACPI: Added _OSI(Processor Aggregator Device)
[    0.152636] ACPI: Added _OSI(Linux-Dell-Video)
[    0.153163] ACPI: Added _OSI(Linux-Lenovo-NV-HDMI-Audio)
[    0.153769] ACPI: Added _OSI(Linux-HPI-Hybrid-Graphics)
[    0.154557] ACPI: Executed 1 blocks of module-level executable AML code
[    0.157927] ACPI: Interpreter enabled
[    0.158361] ACPI: (supports S0 S5)
[    0.158754] ACPI: Using IOAPIC for interrupt routing
[    0.159449] PCI: Using host bridge windows from ACPI; if necessary, use "pci=nocrs" and report a bug
[    0.160139] ACPI: Enabled 2 GPEs in block 00 to 07
[    0.165125] ACPI: PCI Root Bridge [PCI0] (domain 0000 [bus 00-ff])
[    0.165848] acpi PNP0A03:00: _OSC: OS supports [ASPM ClockPM Segments MSI]
[    0.166898] acpi PNP0A03:00: _OSC: not requesting OS control; OS requires [ExtendedConfig ASPM ClockPM MSI]
[    0.167926] acpi PNP0A03:00: fail to add MMCONFIG information, can't access extended PCI configuration space under this bridge.
[    0.168242] PCI host bridge to bus 0000:00
[    0.169218] pci_bus 0000:00: root bus resource [io  0x0000-0x0cf7 window]
[    0.169926] pci_bus 0000:00: root bus resource [io  0x0d00-0xffff window]
[    0.170633] pci_bus 0000:00: root bus resource [mem 0x000a0000-0x000bffff window]
[    0.172001] pci_bus 0000:00: root bus resource [mem 0xe0000000-0xfdffffff window]
[    0.172971] pci_bus 0000:00: root bus resource [bus 00-ff]
[    0.174805] pci 0000:00:01.1: legacy IDE quirk: reg 0x10: [io  0x01f0-0x01f7]
[    0.175546] pci 0000:00:01.1: legacy IDE quirk: reg 0x14: [io  0x03f6]
[    0.176001] pci 0000:00:01.1: legacy IDE quirk: reg 0x18: [io  0x0170-0x0177]
[    0.176827] pci 0000:00:01.1: legacy IDE quirk: reg 0x1c: [io  0x0376]
[    0.212510] pci 0000:00:07.0: quirk: [io  0x4000-0x403f] claimed by PIIX4 ACPI
[    0.213426] pci 0000:00:07.0: quirk: [io  0x4100-0x410f] claimed by PIIX4 SMB
[    0.224778] ACPI: PCI Interrupt Link [LNKA] (IRQs 5 9 10 *11)
[    0.225711] ACPI: PCI Interrupt Link [LNKB] (IRQs 5 9 *10 11)
[    0.226412] ACPI: PCI Interrupt Link [LNKC] (IRQs 5 *9 10 11)
[    0.227110] ACPI: PCI Interrupt Link [LNKD] (IRQs 5 9 10 *11)
[    0.228024] SCSI subsystem initialized
[    0.228568] pci 0000:00:02.0: vgaarb: setting as boot VGA device
[    0.228746] pci 0000:00:02.0: vgaarb: VGA device added: decodes=io+mem,owns=io+mem,locks=none
[    0.229676] pci 0000:00:02.0: vgaarb: bridge control possible
[    0.230301] vgaarb: loaded
[    0.230656] ACPI: bus type USB registered
[    0.231128] usbcore: registered new interface driver usbfs
[    0.232007] usbcore: registered new interface driver hub
[    0.232617] usbcore: registered new device driver usb
[    0.233294] EDAC MC: Ver: 3.0.0
[    0.233294] PCI: Using ACPI for IRQ routing
[    0.233294] NetLabel: Initializing
[    0.233294] NetLabel:  domain hash size = 128
[    0.236001] NetLabel:  protocols = UNLABELED CIPSOv4 CALIPSO
[    0.236627] NetLabel:  unlabeled traffic allowed by default
[    0.237298] clocksource: Switched to clocksource kvm-clock
[    0.245623] VFS: Disk quotas dquot_6.6.0
[    0.246146] VFS: Dquot-cache hash table entries: 512 (order 0, 4096 bytes)
[    0.246949] AppArmor: AppArmor Filesystem Enabled
[    0.247504] pnp: PnP ACPI init
[    0.248601] pnp: PnP ACPI: found 3 devices
[    0.256897] clocksource: acpi_pm: mask: 0xffffff max_cycles: 0xffffff, max_idle_ns: 2085701024 ns
[    0.257978] NET: Registered protocol family 2
[    0.258655] TCP established hash table entries: 32768 (order: 6, 262144 bytes)
[    0.259562] TCP bind hash table entries: 32768 (order: 7, 524288 bytes)
[    0.260399] TCP: Hash tables configured (established 32768 bind 32768)
[    0.261177] UDP hash table entries: 2048 (order: 4, 65536 bytes)
[    0.261882] UDP-Lite hash table entries: 2048 (order: 4, 65536 bytes)
[    0.262652] NET: Registered protocol family 1
[    0.263191] pci 0000:00:00.0: Limiting direct PCI/PCI transfers
[    0.263900] pci 0000:00:01.0: Activating ISA DMA hang workarounds
[    0.264657] pci 0000:00:02.0: Video device with shadowed ROM at [mem 0x000c0000-0x000dffff]
[    0.265693] Unpacking initramfs...
[    0.480828] Freeing initrd memory: 19148K
[    0.481413] PCI-DMA: Using software bounce buffering for IO (SWIOTLB)
[    0.482124] software IO TLB: mapped [mem 0xdbff0000-0xdfff0000] (64MB)
[    0.482873] clocksource: tsc: mask: 0xffffffffffffffff max_cycles: 0x396d4ffc055, max_idle_ns: 881590662783 ns
[    0.484093] platform rtc_cmos: registered platform RTC device (no PNP device found)
[    0.485046] Scanning for low memory corruption every 60 seconds
[    0.486295] Initialise system trusted keyrings
[    0.486839] Key type blacklist registered
[    0.487420] workingset: timestamp_bits=36 max_order=20 bucket_order=0
[    0.488913] zbud: loaded
[    0.489684] squashfs: version 4.0 (2009/01/31) Phillip Lougher
[    0.490532] fuse init (API version 7.26)
[    0.492947] Key type asymmetric registered
[    0.493448] Asymmetric key parser 'x509' registered
[    0.494044] Block layer SCSI generic (bsg) driver version 0.4 loaded (major 246)
[    0.494948] io scheduler noop registered
[    0.495438] io scheduler deadline registered
[    0.495975] io scheduler cfq registered (default)
[    0.496807] ACPI: AC Adapter [AC] (on-line)
[    0.497358] input: Power Button as /devices/LNXSYSTM:00/LNXPWRBN:00/input/input0
[    0.498350] ACPI: Power Button [PWRF]
[    0.498850] input: Sleep Button as /devices/LNXSYSTM:00/LNXSLPBN:00/input/input1
[    0.499742] ACPI: Sleep Button [SLPF]
[    0.500976] ACPI: Battery Slot [BAT0] (battery present)
[    0.501736] Serial: 8250/16550 driver, 32 ports, IRQ sharing enabled
[    0.522967] 00:02: ttyS0 at I/O 0x3f8 (irq = 4, base_baud = 115200) is a 16550A
[    0.526088] Linux agpgart interface v0.103
[    0.527952] loop: module loaded
[    0.529121] scsi host0: ata_piix
[    0.529657] scsi host1: ata_piix
[    0.530088] ata1: PATA max UDMA/33 cmd 0x1f0 ctl 0x3f6 bmdma 0xd000 irq 14
[    0.530866] ata2: PATA max UDMA/33 cmd 0x170 ctl 0x376 bmdma 0xd008 irq 15
[    0.531926] libphy: Fixed MDIO Bus: probed
[    0.532452] tun: Universal TUN/TAP device driver, 1.6
[    0.533140] PPP generic driver version 2.4.2
[    0.533794] ehci_hcd: USB 2.0 'Enhanced' Host Controller (EHCI) Driver
[    0.534546] ehci-pci: EHCI PCI platform driver
[    0.535087] ehci-platform: EHCI generic platform driver
[    0.535719] ohci_hcd: USB 1.1 'Open' Host Controller (OHCI) Driver
[    0.536458] ohci-pci: OHCI PCI platform driver
[    0.537038] ohci-platform: OHCI generic platform driver
[    0.537668] uhci_hcd: USB Universal Host Controller Interface driver
[    0.538445] i8042: PNP: PS/2 Controller [PNP0303:PS2K,PNP0f03:PS2M] at 0x60,0x64 irq 1,12
[    0.539783] serio: i8042 KBD port at 0x60,0x64 irq 1
[    0.540419] serio: i8042 AUX port at 0x60,0x64 irq 12
[    0.541135] mousedev: PS/2 mouse device common for all mice
[    0.542177] input: AT Translated Set 2 keyboard as /devices/platform/i8042/serio0/input/input2
[    0.543323] rtc_cmos rtc_cmos: rtc core: registered rtc_cmos as rtc0
[    0.544124] rtc_cmos rtc_cmos: alarms up to one day, 114 bytes nvram
[    0.544861] i2c /dev entries driver
[    0.545339] device-mapper: uevent: version 1.0.3
[    0.545963] device-mapper: ioctl: 4.37.0-ioctl (2017-09-20) initialised: dm-devel@redhat.com
[    0.546982] ledtrig-cpu: registered to indicate activity on CPUs
[    0.547997] NET: Registered protocol family 10
[    0.551418] Segment Routing with IPv6
[    0.551897] NET: Registered protocol family 17
[    0.552491] Key type dns_resolver registered
[    0.553140] mce: Using 0 MCE banks
[    0.553582] RAS: Correctable Errors collector initialized.
[    0.554389] sched_clock: Marking stable (553119756, 0)->(696198137, -143078381)
[    0.555777] registered taskstats version 1
[    0.556422] Loading compiled-in X.509 certificates
[    0.558766] Loaded X.509 cert 'Build time autogenerated kernel key: 01a66adcc10ca4ce7676a3458c33483b0e2b806e'
[    0.560255] zswap: loaded using pool lzo/zbud
[    0.566365] Key type big_key registered
[    0.568336] Key type trusted registered
[    0.572844] Key type encrypted registered
[    0.574077] AppArmor: AppArmor sha1 policy hashing enabled
[    0.575639] ima: No TPM chip found, activating TPM-bypass! (rc=-19)
[    0.577435] ima: Allocated hash algorithm: sha1
[    0.578655] evm: HMAC attrs: 0x1
[    0.579696]   Magic number: 4:772:657
[    0.580787] rtc_cmos rtc_cmos: setting system clock to 2020-01-09 00:40:41 UTC (1578530441)
[    0.582898] BIOS EDD facility v0.16 2004-Jun-25, 0 devices found
[    0.584155] EDD information not available.
[    0.700961] Freeing unused kernel image memory: 2436K
[    0.730001] Write protecting the kernel read-only data: 20480k
[    0.735631] Freeing unused kernel image memory: 2008K
[    0.739870] Freeing unused kernel image memory: 1884K
[    0.761988] x86/mm: Checked W+X mappings: passed, no W+X pages found.
[    0.764130] x86/mm: Checking user space page tables
[    0.774522] x86/mm: Checked W+X mappings: passed, no W+X pages found.
Loading, please wait...
starting version 237
[    0.827709] e1000: Intel(R) PRO/1000 Network Driver - version 7.3.21-k8-NAPI
[    0.828707] e1000: Copyright (c) 1999-2006 Intel Corporation.
[    0.831476] Fusion MPT base driver 3.04.20
[    0.832078] Copyright (c) 1999-2008 LSI Corporation
[    0.851277] AVX2 version of gcm_enc/dec engaged.
[    0.851943] AES CTR mode by8 optimization enabled
[    0.855653] Fusion MPT SPI Host driver 3.04.20
[    1.049027] input: ImExPS/2 Generic Explorer Mouse as /devices/platform/i8042/serio1/input/input4
[    1.220604] e1000 0000:00:03.0 eth0: (PCI:33MHz:32-bit) 02:b5:0e:9d:9f:27
[    1.222458] e1000 0000:00:03.0 eth0: Intel(R) PRO/1000 Network Connection
[    1.226206] e1000 0000:00:03.0 enp0s3: renamed from eth0
[    1.227621] mptbase: ioc0: Initiating bringup
[    1.325130] ioc0: LSI53C1030 A0: Capabilities={Initiator}
[    1.577415] scsi host2: ioc0: LSI53C1030 A0, FwRev=00000000h, Ports=1, MaxQ=256, IRQ=20
[    1.750235] scsi 2:0:0:0: Direct-Access     VBOX     HARDDISK         1.0  PQ: 0 ANSI: 5
[    1.784248] scsi target2:0:0: Beginning Domain Validation
[    1.791684] scsi target2:0:0: Domain Validation skipping write tests
[    1.794932] scsi target2:0:0: Ending Domain Validation
[    1.797665] scsi target2:0:0: asynchronous
[    1.801240] scsi 2:0:1:0: Direct-Access     VBOX     HARDDISK         1.0  PQ: 0 ANSI: 5
[    1.878923] scsi target2:0:1: Beginning Domain Validation
[    1.887531] random: fast init done
[    1.889766] scsi target2:0:1: Domain Validation skipping write tests
[    1.893168] scsi target2:0:1: Ending Domain Validation
[    1.895809] scsi target2:0:1: asynchronous
[    1.910128] random: systemd-udevd: uninitialized urandom read (16 bytes read)
[    1.910200] sd 2:0:0:0: Attached scsi generic sg0 type 0
[    1.914699] random: systemd-udevd: uninitialized urandom read (16 bytes read)
[    1.919987] sd 2:0:1:0: Attached scsi generic sg1 type 0
[    1.923921] random: systemd-udevd: uninitialized urandom read (16 bytes read)
[    1.931446] sd 2:0:0:0: [sda] 20971520 512-byte logical blocks: (10.7 GB/10.0 GiB)
[    1.935114] sd 2:0:1:0: [sdb] 20480 512-byte logical blocks: (10.5 MB/10.0 MiB)
[    1.938009] sd 2:0:0:0: [sda] Write Protect is off
[    1.939590] sd 2:0:1:0: [sdb] Write Protect is off
[    1.941856] sd 2:0:1:0: [sdb] Incomplete mode parameter data
[    1.943332] sd 2:0:1:0: [sdb] Assuming drive cache: write through
[    1.944939] sd 2:0:0:0: [sda] Incomplete mode parameter data
[    1.946403] sd 2:0:0:0: [sda] Assuming drive cache: write through
[    1.952479]  sda: sda1
[    1.957558] sd 2:0:1:0: [sdb] Attached SCSI disk
[    1.959836] sd 2:0:0:0: [sda] Attached SCSI disk
Begin: Loading essential drivers ... [    3.380021] raid6: sse2x1   gen() 12474 MB/s
[    3.428098] raid6: sse2x1   xor()  9824 MB/s
[    3.476094] raid6: sse2x2   gen() 16623 MB/s
[    3.524093] raid6: sse2x2   xor() 11294 MB/s
[    3.572089] raid6: sse2x4   gen() 18798 MB/s
[    3.620082] raid6: sse2x4   xor() 11722 MB/s
[    3.668089] raid6: avx2x1   gen() 27212 MB/s
[    3.716088] raid6: avx2x1   xor() 19249 MB/s
[    3.764098] raid6: avx2x2   gen() 31742 MB/s
[    3.812089] raid6: avx2x2   xor() 20748 MB/s
[    3.860089] raid6: avx2x4   gen() 37444 MB/s
[    3.908084] raid6: avx2x4   xor() 23032 MB/s
[    3.908595] raid6: using algorithm avx2x4 gen() 37444 MB/s
[    3.909183] raid6: .... xor() 23032 MB/s, rmw enabled
[    3.909733] raid6: using avx2x2 recovery algorithm
[    3.911296] xor: automatically using best checksumming function   avx       
[    3.913217] async_tx: api initialized (async)
done.
Begin: Running /scripts/init-premount ... done.
Begin: Mounting root file system ... Begin: Running /scripts/local-top ... done.
Begin: Running /scripts/local-premount ... [    3.947350] Btrfs loaded, crc32c=crc32c-intel
Scanning for Btrfs filesystems
done.
Warning: fsck not present, so skipping root file system
[    4.007665] EXT4-fs (sda1): mounted filesystem with ordered data mode. Opts: (null)
done.
Begin: Running /scripts/local-bottom ... done.
Begin: Running /scripts/init-bottom ... done.
[    4.230880] ip_tables: (C) 2000-2006 Netfilter Core Team
[    4.244804] systemd[1]: systemd 237 running in system mode. (+PAM +AUDIT +SELINUX +IMA +APPARMOR +SMACK +SYSVINIT +UTMP +LIBCRYPTSETUP +GCRYPT +GNUTLS +ACL +XZ +LZ4 +SECCOMP +BLKID +ELFUTILS +KMOD -IDN2 +IDN -PCRE2 default-hierarchy=hybrid)
[    4.251503] systemd[1]: Detected virtualization oracle.
[    4.253095] systemd[1]: Detected architecture x86-64.

Welcome to [1mUbuntu 18.04.3 LTS[0m!

[    4.273687] systemd[1]: Set hostname to <ubuntu-bionic>.
[    4.516646] systemd[1]: Reached target Swap.
[[0;32m  OK  [0m] Reached target Swap.
[    4.517855] systemd[1]: Set up automount Arbitrary Executable File Formats File System Automount Point.
[[0;32m  OK  [0m] Set up automount Arbitrary Executabâ€¦rmats File System Automount Point.
[    4.519749] systemd[1]: Reached target System Time Synchronized.
[[0;32m  OK  [0m] Reached target System Time Synchronized.
[    4.521116] systemd[1]: Reached target User and Group Name Lookups.
[[0;32m  OK  [0m] Reached target User and Group Name Lookups.
[    4.522467] systemd[1]: Started Forward Password Requests to Wall Directory Watch.
[[0;32m  OK  [0m] Started Forward Password Requests to Wall Directory Watch.
[    4.525441] systemd[1]: Created slice System Slice.
[[0;32m  OK  [0m] Created slice System Slice.
[[0;32m  OK  [0m] Created slice system-postgresql.slice.
[[0;32m  OK  [0m] Listening on LVM2 poll daemon socket.
[[0;32m  OK  [0m] Listening on Syslog Socket.
[[0;32m  OK  [0m] Listening on LVM2 metadata daemon socket.
[[0;32m  OK  [0m] Listening on Journal Socket.
         Starting Load Kernel Modules...
         Starting Create list of required stâ€¦ce nodes for the current kernel...
         Mounting POSIX Message Queue File System...
         Mounting Huge Pages File System...
[[0;32m  OK  [0m] Listening on Journal Socket (/dev/log).
[    4.546671] Loading iSCSI transport class v2.0-870.
         Starting Remount Root and Kernel File Systems...
[[0;32m  OK  [0m] Listening on Network Service Netlink Socket.
[[0;32m  OK  [0m] Listening on Journal Audit Socket.
[[0;32m  OK  [0m] Created slice system-serial\x2dgetty.slice.
[[0;32m  OK  [0m] Listening on /dev/initctl Compatibility Named Pipe.
         Starting Uncomplicated firewall...
[[0;32m  OK  [0m] Listening on Device-mapper event daemon FIFOs.
[    4.554914] iscsi: registered transport (tcp)
         Starting Set the console keyboard layout...
         Mounting Kernel Debug File System...
         Starting Journal Service...
         Starting Monitoring of LVM2 mirrorsâ€¦ng dmeventd or progress polling...
[[0;32m  OK  [0m] Listening on udev Control Socket.
[[0;32m  OK  [0m] Created slice User and Session Slice.
[[0;32m  OK  [0m] Reached target Slices.
[[0;32m  OK  [0m] Listening on udev Kernel Socket.
         Starting udev Coldplug all Devices...
[[0;32m  OK  [0m] Started Create list of required staâ€¦vice nodes for the current kernel.
[[0;32m  OK  [0m] Started Uncomplicated firewall.
[[0;32m  OK  [0m] Started LVM2 metadata daemon.
         Starting Create Static Device Nodes in /dev...
[[0;32m  OK  [0m] Mounted Huge Pages File System.
[[0;32m  OK  [0m] Mounted Kernel Debug File System.
[[0;32m  OK  [0m] Mounted POSIX Message Queue File System.
[[0;32m  OK  [0m] Started Journal Service.
[[0;32m  OK  [0m] Started udev Coldplug all Devices.
[[0;32m  OK  [0m] Started Create Static Device Nodes in /dev.
[    4.720913] iscsi: registered transport (iser)
[    4.722183] EXT4-fs (sda1): re-mounted. Opts: (null)
[[0;32m  OK  [0m] Started Load Kernel Modules.
[[0;32m  OK  [0m] Started Remount Root and Kernel File Systems.
         Starting Flush Journal to Persistent Storage...
         Starting Load/Save Random Seed...
         Starting udev Kernel Device Manager...
         Mounting Kernel Configuration File System...
         Mounting FUSE Control File System...
         Starting Apply Kernel Variables...
[[0;32m  OK  [0m] Mounted Kernel Configuration File System.
[[0;32m  OK  [0m] Started Monitoring of LVM2 mirrors,â€¦sing dmeventd or progress polling.
[[0;32m  OK  [0m] Mounted FUSE Control File System.
[[0;32m  OK  [0m] Started Load/Save Random Seed.
[    4.770027] systemd-journald[394]: Received request to flush runtime journal from PID 1
[[0;32m  OK  [0m] Started udev Kernel Device Manager.
[[0;32m  OK  [0m] Started Set the console keyboard layout.
[[0;32m  OK  [0m] Reached target Local File Systems (Pre).
[[0;32m  OK  [0m] Reached target Local File Systems.
         Starting ebtables ruleset management...
         Starting AppArmor initialization...
         Starting Set console font and keymap...
         Starting Tell Plymouth To Write Out Runtime Data...
[[0;32m  OK  [0m] Started Dispatch Password Requests to Console Directory Watch.
[[0;32m  OK  [0m] Reached target Local Encrypted Volumes.
[[0;32m  OK  [0m] Started Apply Kernel Variables.
[[0;32m  OK  [0m] Started Set console font and keymap.
[[0;32m  OK  [0m] Started Tell Plymouth To Write Out Runtime Data.
[[0;32m  OK  [0m] Started Flush Journal to Persistent Storage.
         Starting Create Volatile Files and Directories...
[[0;32m  OK  [0m] Started Create Volatile Files and Directories.
         Starting Update UTMP about System Boot/Shutdown...
[[0;32m  OK  [0m] Started Update UTMP about System Boot/Shutdown.
[[0;32m  OK  [0m] Started ebtables ruleset management.
[[0;32m  OK  [0m] Found device /dev/ttyS0.
[[0;32m  OK  [0m] Listening on Load/Save RF Kill Switch Status /dev/rfkill Watch.
[[0;32m  OK  [0m] Started AppArmor initialization.
         Starting Initial cloud-init job (pre-networking)...
[    6.107911] cloud-init[527]: Cloud-init v. 19.2-36-g059d049c-0ubuntu2~18.04.1 running 'init-local' at Thu, 09 Jan 2020 00:40:46 +0000. Up 5.92 seconds.
[[0;32m  OK  [0m] Started Initial cloud-init job (pre-networking).
[[0;32m  OK  [0m] Reached target Network (Pre).
         Starting Network Service...
[[0;32m  OK  [0m] Started Network Service.
         Starting Wait for Network to be Configured...
         Starting Network Name Resolution...
[[0;32m  OK  [0m] Started Network Name Resolution.
[[0;32m  OK  [0m] Reached target Network.
[[0;32m  OK  [0m] Reached target Host and Network Name Lookups.
[[0;32m  OK  [0m] Started Wait for Network to be Configured.
         Starting Initial cloud-init job (metadata service crawler)...
[    8.040437] cloud-init[653]: Cloud-init v. 19.2-36-g059d049c-0ubuntu2~18.04.1 running 'init' at Thu, 09 Jan 2020 00:40:48 +0000. Up 7.92 seconds.
[    8.041795] cloud-init[653]: ci-info: +++++++++++++++++++++++++++++++++++++Net device info++++++++++++++++++++++++++++++++++++++
[    8.042975] cloud-init[653]: ci-info: +--------+------+---------------------------+---------------+--------+-------------------+
[    8.044109] cloud-init[653]: ci-info: | Device |  Up  |          Address          |      Mask     | Scope  |     Hw-Address    |
[    8.045183] cloud-init[653]: ci-info: +--------+------+---------------------------+---------------+--------+-------------------+
[    8.046252] cloud-init[653]: ci-info: | enp0s3 | True |         10.0.2.15         | 255.255.255.0 | global | 02:b5:0e:9d:9f:27 |
[    8.047317] cloud-init[653]: ci-info: | enp0s3 | True | fe80::b5:eff:fe9d:9f27/64 |       .       |  link  | 02:b5:0e:9d:9f:27 |
[    8.048459] cloud-init[653]: ci-info: |   lo   | True |         127.0.0.1         |   255.0.0.0   |  host  |         .         |
[    8.049495] cloud-init[653]: ci-info: |   lo   | True |          ::1/128          |       .       |  host  |         .         |
[    8.050569] cloud-init[653]: ci-info: +--------+------+---------------------------+---------------+--------+-------------------+
[    8.051620] cloud-init[653]: ci-info: ++++++++++++++++++++++++++++Route IPv4 info+++++++++++++++++++++++++++++
[    8.052420] cloud-init[653]: ci-info: +-------+-------------+----------+-----------------+-----------+-------+
[    8.053337] cloud-init[653]: ci-info: | Route | Destination | Gateway  |     Genmask     | Interface | Flags |
[    8.054251] cloud-init[653]: ci-info: +-------+-------------+----------+-----------------+-----------+-------+
[    8.055174] cloud-init[653]: ci-info: |   0   |   0.0.0.0   | 10.0.2.2 |     0.0.0.0     |   enp0s3  |   UG  |
[    8.056119] cloud-init[653]: ci-info: |   1   |   10.0.2.0  | 0.0.0.0  |  255.255.255.0  |   enp0s3  |   U   |
[    8.057034] cloud-init[653]: ci-info: |   2   |   10.0.2.2  | 0.0.0.0  | 255.255.255.255 |   enp0s3  |   UH  |
[    8.057949] cloud-init[653]: ci-info: +-------+-------------+----------+-----------------+-----------+-------+
[    8.058862] cloud-init[653]: ci-info: +++++++++++++++++++Route IPv6 info+++++++++++++++++++
[    8.059711] cloud-init[653]: ci-info: +-------+-------------+---------+-----------+-------+
[    8.060501] cloud-init[653]: ci-info: | Route | Destination | Gateway | Interface | Flags |
[    8.061240] cloud-init[653]: ci-info: +-------+-------------+---------+-----------+-------+
[    8.061982] cloud-init[653]: ci-info: |   1   |  fe80::/64  |    ::   |   enp0s3  |   U   |
[    8.062746] cloud-init[653]: ci-info: |   3   |    local    |    ::   |   enp0s3  |   U   |
[    8.063513] cloud-init[653]: ci-info: |   4   |   ff00::/8  |    ::   |   enp0s3  |   U   |
[    8.064257] cloud-init[653]: ci-info: +-------+-------------+---------+-----------+-------+
[[0;32m  OK  [0m] Started Initial cloud-init job (metadata service crawler).
[[0;32m  OK  [0m] Reached target Cloud-config availability.
[[0;32m  OK  [0m] Reached target System Initialization.
[[0;32m  OK  [0m] Started Discard unused blocks once a week.
[[0;32m  OK  [0m] Started ACPI Events Check.
         Starting Socket activation for snappy daemon.
[[0;32m  OK  [0m] Listening on UUID daemon activation socket.
[[0;32m  OK  [0m] Listening on D-Bus System Message Bus Socket.
         Starting LXD - unix socket.
[[0;32m  OK  [0m] Started Message of the Day.
[[0;32m  OK  [0m] Started Daily apt download activities.
[[0;32m  OK  [0m] Started Daily apt upgrade and clean activities.
[[0;32m  OK  [0m] Started Daily Cleanup of Temporary Directories.
[[0;32m  OK  [0m] Reached target Timers.
[[0;32m  OK  [0m] Reached target Paths.
[[0;32m  OK  [0m] Listening on Open-iSCSI iscsid Socket.
[[0;32m  OK  [0m] Listening on ACPID Listen Socket.
[[0;32m  OK  [0m] Reached target Network is Online.
[[0;32m  OK  [0m] Reached target Remote File Systems (Pre).
[[0;32m  OK  [0m] Reached target Remote File Systems.
         Starting Availability of block devices...
[[0;32m  OK  [0m] Listening on Socket activation for snappy daemon.
[[0;32m  OK  [0m] Listening on LXD - unix socket.
[[0;32m  OK  [0m] Started Availability of block devices.
[[0;32m  OK  [0m] Reached target Sockets.
[[0;32m  OK  [0m] Reached target Basic System.
         Starting Login Service...
         Starting Permit User Sessions...
         Starting Virtualbox guest utils...
         Starting LXD - container startup/shutdown...
         Starting LSB: automatic crash report generation...
[[0;32m  OK  [0m] Started Regular background program processing daemon.
         Starting Accounts Service...
         Starting LSB: Record successful boot for GRUB...
[[0;32m  OK  [0m] Started FUSE filesystem for LXC.
[[0;32m  OK  [0m] Started D-Bus System Message Bus.
[[0;32m  OK  [0m] Started Login Service.
         Starting Dispatcher daemon for systemd-networkd...
         Starting PostgreSQL Cluster 11-main...
         Starting OpenBSD Secure Shell server...
         Starting System Logging Service...
[[0;32m  OK  [0m] Started Deferred execution scheduler.
         Starting Resets System Activity Data Collector...
[[0;32m  OK  [0m] Started irqbalance daemon.
[[0;32m  OK  [0m] Started Unattended Upgrades Shutdown.
         Starting Snappy daemon...
[[0;32m  OK  [0m] Started System Logging Service.
[[0;32m  OK  [0m] Started Permit User Sessions.
[[0;32m  OK  [0m] Started Resets System Activity Data Collector.
[[0;32m  OK  [0m] Started OpenBSD Secure Shell server.
         Starting Authorization Manager...
         Starting Terminate Plymouth Boot Screen...
         Starting Hold until boot process finishes up...
[[0;32m  OK  [0m] Started Hold until boot process finishes up.
         Starting Set console scheme...
[[0;32m  OK  [0m] Started Serial Getty on ttyS0.
[[0;32m  OK  [0m] Started LXD - container startup/shutdown.
[[0;32m  OK  [0m] Started Terminate Plymouth Boot Screen.
[[0;32m  OK  [0m] Started Authorization Manager.
[[0;32m  OK  [0m] Started Accounts Service.
[[0;32m  OK  [0m] Started Set console scheme.
[[0;32m  OK  [0m] Created slice system-getty.slice.
[[0;32m  OK  [0m] Started Getty on tty1.
[[0;32m  OK  [0m] Reached target Login Prompts.
[[0;32m  OK  [0m] Started LSB: automatic crash report generation.
[[0;32m  OK  [0m] Started LSB: Record successful boot for GRUB.
[[0;32m  OK  [0m] Started Virtualbox guest utils.
[[0;32m  OK  [0m] Started Dispatcher daemon for systemd-networkd.
[[0;32m  OK  [0m] Started Snappy daemon.
         Starting Wait until snapd is fully seeded...
[[0;32m  OK  [0m] Started Wait until snapd is fully seeded.
         Starting Apply the settings specified in cloud-config...
[    9.771932] cloud-init[1119]: Cloud-init v. 19.2-36-g059d049c-0ubuntu2~18.04.1 running 'modules:config' at Thu, 09 Jan 2020 00:40:50 +0000. Up 9.69 seconds.
[[0;32m  OK  [0m] Started Apply the settings specified in cloud-config.
[[0;32m  OK  [0m] Started PostgreSQL Cluster 11-main.
         Starting PostgreSQL RDBMS...
[[0;32m  OK  [0m] Started PostgreSQL RDBMS.
[[0;32m  OK  [0m] Reached target Multi-User System.
[[0;32m  OK  [0m] Reached target Graphical Interface.
         Starting Update UTMP about System Runlevel Changes...
         Starting Execute cloud user/final scripts...
[[0;32m  OK  [0m] Started Update UTMP about System Runlevel Changes.
[   12.040102] cloud-init[1201]: Cloud-init v. 19.2-36-g059d049c-0ubuntu2~18.04.1 running 'modules:final' at Thu, 09 Jan 2020 00:40:52 +0000. Up 11.95 seconds.
[   12.041974] cloud-init[1201]: Cloud-init v. 19.2-36-g059d049c-0ubuntu2~18.04.1 finished at Thu, 09 Jan 2020 00:40:52 +0000. Datasource DataSourceNoCloud [seed=/dev/sdb][dsmode=net].  Up 12.03 seconds
[[0;32m  OK  [0m] Started Execute cloud user/final scripts.
[[0;32m  OK  [0m] Reached target Cloud-init target.

Ubuntu 18.04.3 LTS ubuntu-bionic ttyS0

ubuntu-bionic login: 